== tools
Version: 0.72.0
GitVersion:    v0.4.4
trivy db cached: 2026-08-22T18:49:45.818175579Z
== part 1: baseline
baseline findings: 8 ; digest: sha256:8eee13295b6434030d9b6b5295be748bb4b5017977fca6a4ffa9e867c7926bf3 ; statement under test: CVE-2026-33818 in pkg:golang/stdlib
d1 not_affected(ts 08-01) alone                              -> 7  (expect 7: suppressed)
d2 not_affected(ts 08-01) + affected(ts 07-01, last_updated 08-20) -> 7  (7 means ordering by timestamp, 8 means by last_updated)
d3 not_affected(ts 08-01) + affected(ts 08-15)               -> 8  (8 means the later affected wins and the finding is reported)
d4 affected with action_statement_timestamp/last_updated/status_notes -> 8  (expect 8, and no parse error)
2026-08-23T12:19:51-07:00	WARN	Using severities from other vendors for some vulnerabilities. Read https://trivy.dev/docs/v0.72/guide/scanner/vulnerability#severity-selection for details.
d5 under_investigation with last_updated/status_notes        -> 8  (expect 8)
-- suppressed finding representation in the JSON report (d1):
[]
-- trivy convert --format cosign-vuln of d1 report: does the predicate carry the suppressed finding?
   predicate keys: invocation,metadata,scanner
   scanner.result keys: ArtifactID,ArtifactName,ArtifactType,CreatedAt,Metadata,ReportID,Results,SchemaVersion,Trivy
   Vulnerabilities in predicate: 7
   ExperimentalModifiedFindings in predicate: 0
   size: 38386 bytes (hardened-app; grafana's report is larger)
-- vexctl merge of d2 (does vexctl accept affected + the timestamp fields?)
   exit 0 ; 
{"status":"affected","timestamp":"2026-07-01T00:00:00Z","last_updated":"2026-08-20T00:00:00Z","action_statement_timestamp":"2026-08-10T00:00:00Z","status_notes":"first seen 2026-07-01"}
{"status":"not_affected","timestamp":"2026-08-01T00:00:00Z","last_updated":null,"action_statement_timestamp":null,"status_notes":null}

== part 2: tag-referenced set under ghcr.io/mm-weber/dhc (anonymous)
hardened-app: 3 catalogue tags -> 1 distinct digests, 1 platform manifests; tags: 0-alpine3.23 0.1-alpine3.23 0.1.0-alpine3.23
cert-manager-controller: 6 catalogue tags -> 3 distinct digests, 5 platform manifests; tags: 1-alpine3.23 1.20-alpine3.23 1.20.3-alpine3.23 1.21-alpine3.23 1.21.0-alpine3.23 1.21.1-alpine3.23
cert-manager-webhook: 6 catalogue tags -> 3 distinct digests, 5 platform manifests; tags: 1-alpine3.23 1.20-alpine3.23 1.20.3-alpine3.23 1.21-alpine3.23 1.21.0-alpine3.23 1.21.1-alpine3.23
cert-manager-cainjector: 6 catalogue tags -> 3 distinct digests, 5 platform manifests; tags: 1-alpine3.23 1.20-alpine3.23 1.20.3-alpine3.23 1.21-alpine3.23 1.21.0-alpine3.23 1.21.1-alpine3.23
grafana: 6 catalogue tags -> 3 distinct digests, 4 platform manifests; tags: 13-alpine3.23 13.0-alpine3.23 13.0.4-alpine3.23 13.1-alpine3.23 13.1.2-alpine3.23 13.1.3-alpine3.23
valkey: 8 catalogue tags -> 3 distinct digests, 4 platform manifests; tags: 9-alpine3.23 9-alpine3.23-compat 9.0-alpine3.23 9.0.5-alpine3.23 9.1-alpine3.23 9.1-alpine3.23-compat 9.1.1-alpine3.23 9.1.1-alpine3.23-compat
TOTAL: 16 tag-referenced digests, 24 platform manifests to scan and attest per day (Req 6.42)
-- OpenVEX attestation layers on the current grafana release digest (ADR 0004 says 3):
      3 https://openvex.dev/ns
      1 https://spdx.dev/Document

== addendum: --show-suppressed representation and cosign-vuln carry-through
  Vulnerabilities: 7
  ExperimentalModifiedFindings: [{"ID":"CVE-2026-33818","Status":"not_affected","Source":"/tmp/tmp.HfX5eP6DOd/d1.json"}]
  cosign-vuln predicate: Vulnerabilities=7 ModifiedFindings=1
